## 微服务环境部署

## 环境要求

Linux采用Centos8

| 主机名            | IP            | CPU/内存 | 磁盘 | 说明     |
| ----------------- | ------------- | -------- | ---- | -------- |
| docker-database   | 192.168.1.202 | 2G       | 8G   | 数据库   |
| docker-gitlab     | 192.168.1.203 | 4G       | 30G  | 源码管理 |
| docker-nexus      | 192.168.1.205 | 4G       | 30G  | 仓库管理 |
| docker-jenkins    | 192.168.1.206 | 4G       | 30G  | 持续交付 |
| docker-harbor     | 192.168.1.207 | 4G       | 30G  | 镜像管理 |
| docker-skywalking | 192.168.1.204 | 2G       | 8G   | 链路追踪 |

## 虚拟机

安装Linux虚拟机

1）、VMWare、VirtualBox

2）、导入虚拟机文件centos7.ova

3）、双击启动Linux虚拟机，使用root/dvwa登录

4）、使用客户端连接Linux虚拟机

5）、设置虚拟机网络

​			桥接网络->选好网卡(跟主机windows10相同的无线网卡)->接入网线

6）、设置好网络以后使用命令重启虚拟机的网络，或者重启虚拟机

如果失败，参考[博客](https://blog.csdn.net/gunxueqiucjw/article/details/27231687)，[修改IP](https://blog.csdn.net/qq_41875147/article/details/81144327)，[启动异常](https://blog.csdn.net/yelllowcong/article/details/80389481)

vi /etc/sysconfig/network-scripts/ifcfg-enp0s3

IPADDR=`192.168.1.204` (想要改成的ip地址)

7）、查看Linux的IP地址 ip addr

192.168.1.103

8）、使用客户端连接

虚拟机安装视频

https://www.bilibili.com/video/BV1et411T7Rt?p=8

## 虚拟机扩容

1. 在Virtual Box的安装目录下，输入DOS。

   ```dos
   vboxmanage list hdds    查看虚拟机ID
   ```

2. VBoxManage modifyhd  83693570-4bc3-48a9-888d-b24e6ab127df --resize 30720   根据虚拟机ID进行扩容，单位是m,30720是30G

3. df -hT 查看文件大小和格式

   ~~~shell
   [root@localhost ~]# df -Th
   文件系统            类型      容量  已用  可用 已用% 挂载点
   devtmpfs            devtmpfs  495M     0  495M    0% /dev
   tmpfs               tmpfs     509M     0  509M    0% /dev/shm
   tmpfs               tmpfs     509M  6.9M  502M    2% /run
   tmpfs               tmpfs     509M     0  509M    0% /sys/fs/cgroup
   /dev/mapper/cl-root xfs       6.2G  5.1G  1.2G   82% /                         //xfs格式
   /dev/sda1           ext4      976M  160M  750M   18% /boot
   tmpfs               tmpfs     102M     0  102M    0% /run/user/0
   
   
   ~~~

4. lvdisplay

   ```shell
   [root@localhost ~]# lvdisplay
     --- Logical volume ---
     LV Path                /dev/cl/swap
     LV Name                swap
     VG Name                cl
     LV UUID                JOOPje-ucpj-erj6-gmTg-6N6A-YEPk-dd6VUF
     LV Write Access        read/write
     LV Creation host, time localhost, 2019-12-28 08:21:09 -0500
     LV Status              available
     # open                 2
     LV Size                820.00 MiB
     Current LE             205
     Segments               1
     Allocation             inherit
     Read ahead sectors     auto
     - currently set to     8192
     Block device           253:1
   
     --- Logical volume ---
     LV Path                /dev/cl/root                    //要挂载的逻辑卷路径
     LV Name                root
     VG Name                cl                              //逻辑卷组
     LV UUID                ITTJZx-mC8V-f1WL-Dv2q-yt1N-8Blr-eDNhxf
     LV Write Access        read/write
     LV Creation host, time localhost, 2019-12-28 08:21:09 -0500
     LV Status              available
     # open                 1
     LV Size                <6.20 GiB                        //逻辑卷大小
     Current LE             1586
     Segments               1
     Allocation             inherit
     Read ahead sectors     auto
     - currently set to     8192
     Block device           253:0
   
   ```

5. pvdisplay

   ```shell
   [root@localhost ~]# pvdisplay
     --- Physical volume ---
     PV Name               /dev/sda2
     VG Name               cl
     PV Size               <7.00 GiB / not usable 3.00 MiB
     Allocatable           yes (but full)
     PE Size               4.00 MiB
     Total PE              1791
     Free PE               0
     Allocated PE          1791
     PV UUID               azgV2Q-rxcw-sQqi-4Edi-c5vn-HJWx-V8UwOc
   
   ```

6. 开始LVM扩容，查看fdisk

   ```shell
   [root@localhost ~]# fdisk -l
   Disk /dev/sda：30 GiB，32212254720 字节，62914560 个扇区          //增加的磁盘空间
   单元：扇区 / 1 * 512 = 512 字节
   扇区大小(逻辑/物理)：512 字节 / 512 字节
   I/O 大小(最小/最佳)：512 字节 / 512 字节
   磁盘标签类型：dos
   磁盘标识符：0x523d2d93
   
   设备       启动    起点     末尾     扇区 大小 Id 类型                 //目前的两个设备大小
   /dev/sda1  *       2048  2099199  2097152   1G 83 Linux
   /dev/sda2       2099200 16777215 14678016   7G 8e Linux LVM
   
   
   Disk /dev/mapper/cl-root：6.2 GiB，6652166144 字节，12992512 个扇区
   单元：扇区 / 1 * 512 = 512 字节
   扇区大小(逻辑/物理)：512 字节 / 512 字节
   I/O 大小(最小/最佳)：512 字节 / 512 字节
   
   
   Disk /dev/mapper/cl-swap：820 MiB，859832320 字节，1679360 个扇区
   单元：扇区 / 1 * 512 = 512 字节
   扇区大小(逻辑/物理)：512 字节 / 512 字节
   I/O 大小(最小/最佳)：512 字节 / 512 字节
   ```

   

7. 创建新分区

   ```shell
   [root@localhost ~]# fdisk /dev/sda            <-   /dev/sda 增加的磁盘空间
   
   欢迎使用 fdisk (util-linux 2.32.1)。
   更改将停留在内存中，直到您决定将更改写入磁盘。
   使用写入命令前请三思。
   
   
   命令(输入 m 获取帮助)：n                 <-input n 表示新建new
   分区类型
      p   主分区 (2个主分区，0个扩展分区，2空闲)
      e   扩展分区 (逻辑分区容器)
   选择 (默认 p)：p                        <-input p
   分区号 (3,4, 默认  3): 3                <-enter
   第一个扇区 (16777216-62914559, 默认 16777216):
   上个扇区，+sectors 或 +size{K,M,G,T,P} (16777216-62914559, 默认 62914559):
   
   创建了一个新分区 3，类型为“Linux”，大小为 22 GiB。
   
   命令(输入 m 获取帮助)：w                 <-input w
   分区表已调整。
   正在同步磁盘。
   
   [root@localhost ~]# fdisk -l                  //查看新创建的分区
   Disk /dev/sda：30 GiB，32212254720 字节，62914560 个扇区
   单元：扇区 / 1 * 512 = 512 字节
   扇区大小(逻辑/物理)：512 字节 / 512 字节
   I/O 大小(最小/最佳)：512 字节 / 512 字节
   磁盘标签类型：dos
   磁盘标识符：0x523d2d93
   
   设备       启动     起点     末尾     扇区 大小 Id 类型
   /dev/sda1  *        2048  2099199  2097152   1G 83 Linux
   /dev/sda2        2099200 16777215 14678016   7G 8e Linux LVM
   /dev/sda3       16777216 62914559 46137344  22G 83 Linux           //新创建的分区
   
   ```

8. 格式化

   ```shell
   [root@localhost ~]# mkfs -t ext4 -c /dev/sda3   //格式化为ext4格式
                     # mkfs.xfs -f /dev/sda3       //格式化为xfs格式
   mke2fs 1.44.3 (10-July-2018)
   创建含有 5767168 个块（每块 4k）和 1441792 个inode的文件系统
   文件系统UUID：97e84e3a-0852-4d8d-be4d-2b7b42217b82
   超级块的备份存储于下列块：
           32768, 98304, 163840, 229376, 294912, 819200, 884736, 1605632, 2654208,
           4096000
   
   检查坏块（只读测试）： 已完成
   正在分配组表： 完成
   正在写入inode表： 完成
   创建日志（32768 个块）完成
   写入超级块和文件系统账户统计信息： 已完成
   
   ```

9. 创建PV

   ```shell
   [root@localhost ~]# pvcreate /dev/sda3
   WARNING: ext4 signature detected on /dev/sda3 at offset 1080. Wipe it? [y/n]: y
     Wiping ext4 signature on /dev/sda3.
     Physical volume "/dev/sda3" successfully created.
   ```

10. 查看卷组

    ```shell
    [root@localhost ~]# pvscan
      PV /dev/sda2   VG cl              lvm2 [<7.00 GiB / 0    free]     //要扩容到的VG名cl
      PV /dev/sda3                      lvm2 [22.00 GiB]
      Total: 2 [<29.00 GiB] / in use: 1 [<7.00 GiB] / in no VG: 1 [22.00 GiB]
    ```

11. 扩容VG

    - 查看VG

    ```shell
    [root@localhost ~]# vgdisplay
      --- Volume group ---
      VG Name               cl               //需要用到VG Name
      System ID
      Format                lvm2
      Metadata Areas        1
      Metadata Sequence No  3
      VG Access             read/write
      VG Status             resizable
      MAX LV                0
      Cur LV                2
      Open LV               2
      Max PV                0
      Cur PV                1
      Act PV                1
      VG Size               <7.00 GiB
      PE Size               4.00 MiB
      Total PE              1791
      Alloc PE / Size       1791 / <7.00 GiB
      Free  PE / Size       0 / 0
      VG UUID               cRra6d-SeL4-Xvqo-DS4L-IFow-UwY2-yD9Jfy
    
    ```

    - 扩容   将/dev/sda3扩容到cl

    ```shell
    [root@localhost ~]# vgextend cl /dev/sda3
      Volume group "cl" successfully extended
    ```

    - 查看卷组

    ```shell
    [root@localhost ~]# pvscan
      PV /dev/sda2   VG cl              lvm2 [<7.00 GiB / 0    free]
      PV /dev/sda3   VG cl              lvm2 [<22.00 GiB / <22.00 GiB free]     //扩展成功
      Total: 2 [28.99 GiB] / in use: 2 [28.99 GiB] / in no VG: 0 [0   ]
    [root@localhost ~]# vgdisplay
      --- Volume group ---
      VG Name               cl
      System ID
      Format                lvm2
      Metadata Areas        2
      Metadata Sequence No  4
      VG Access             read/write
      VG Status             resizable
      MAX LV                0
      Cur LV                2
      Open LV               2
      Max PV                0
      Cur PV                2
      Act PV                2
      VG Size               28.99 GiB
      PE Size               4.00 MiB
      Total PE              7422
      Alloc PE / Size       1791 / <7.00 GiB
      Free  PE / Size       5631 / <22.00 GiB                          //Free增加
      VG UUID               cRra6d-SeL4-Xvqo-DS4L-IFow-UwY2-yD9Jfy
    
    ```

12. 扩容LV

    #按固定大小追加

    lvextend -L +10G /dev/cl/root

    #按百分比追加

    ```shell
    [root@localhost ~]# lvextend -l +100%FREE /dev/cl/root
      Size of logical volume cl/root changed from <6.20 GiB (1586 extents) to 28.19 GiB (7217 extents).
      Logical volume cl/root successfully resized.
    
    ```

13. 刷新分区

    ~~~shell
    xfs_growfs /     //  /dev/cl/root 挂载点是 /
    [root@localhost ~]# xfs_growfs /
    meta-data=/dev/mapper/cl-root    isize=512    agcount=4, agsize=406016 blks
             =                       sectsz=512   attr=2, projid32bit=1
             =                       crc=1        finobt=1, sparse=1, rmapbt=0
             =                       reflink=1
    data     =                       bsize=4096   blocks=1624064, imaxpct=25
             =                       sunit=0      swidth=0 blks
    naming   =version 2              bsize=4096   ascii-ci=0, ftype=1
    log      =internal log           bsize=4096   blocks=2560, version=2
             =                       sectsz=512   sunit=0 blks, lazy-count=1
    realtime =none                   extsz=4096   blocks=0, rtextents=0
    data blocks changed from 1624064 to 7390208
    
    ~~~

    如果是ext4，刷新命令 resize2fs  /dev/cl/root

    

## 安装Docker

Docker主机（Host）：安装了Docker的机器（Docker直接安装在操作系统上）

Docker客户端（Client）： 连接Docker主机进行操作

Docker仓库（Registry）：保存打包好的软件镜像

Docker镜像（Images）：软件打包好的镜像，放在Docker仓库中

Docker容器（Container）：镜像启动后的实例，称为容器；容器是独立运行的一个或一组应用

**使用Docker步骤：**

1、安装Docker

2、在Docker仓库找到这个软件的镜像

3、使用Docker运行这个镜像，这个镜像会生成一个Docker容器

4、对容器的启动停止，就是对软件的启动停止

安装步骤

```shell
1、检查内核版本必须是3.10以上
uname -r
2、安装docker
yum install docker
如果镜像出错，无法安装，[参考](https://blog.csdn.net/qq_30938705/article/details/87281698)
3、输入y确认安装
4、启动docker
systemctl start docker
docker -v
5、开机启动docker
systemctl enable docker
6、停止docker
systemctl stop docker
7、删除docker
yum -y  remove  docker  docker-common  docker-selinux  docker-engine
8、设置docker国内镜像
touch /etc/docker/daemon.json
{	
	"exec-opts":["native.cgroupdriver-systemd"],
	"log-driver":"json-file",
	"log-opts":{
		"max-size":"100m"
	},
	"registry-mirrors": [
		"http://hub-mirror.c.163.com",
		"https://k7da99jp.mirror.aliyuncs.com/",
		"https://dockerhub.azk8s.cn",
		"https://registry.docker-cn.com"
 	],
 	"storage-driver":"overlay2"
}

验证配置
docker info
出现下面的信息，说明配置成功，如果没有，使用systemctl retart docker重启一下docker
 Registry Mirrors:
  http://hub-mirror.c.163.com/
  https://k7da99jp.mirror.aliyuncs.com/
  https://dockerhub.azk8s.cn/
  https://registry.docker-cn.com/


重启docker
systemctl restart docker

进入容器：docker exec -it 770c6ea0b2a3 /bin/bash
```

## Docker常用命令和操作

#### 1、镜像操作

取得镜像，默认取得最新版，也可以指定版本 docker pull mysql

查看左右本地镜像 docker images

删除指定的本地镜像 docker rmi image-id

https://hub.docker.com/

#### 2、容器操作

软件镜像 -> 运行镜像 -> 产生一个容器（正在运行的软件）

步骤：

```shell
1、搜索镜像
docker search tomcat
2、拉取镜像
docker pull tomcat
3、根据镜像，启动容器
docker run -d tomcat ##[-d]后台运行；启动不了的话，可能centos太旧，yum update更新 
4、查看运行中的容器
docker ps
5、停止运行中的容器
docker stop 容器ID
6、查看所有的容器
docker ps -a
7、启动容器
docker start 容器ID
8、删除容器
docker rm 容器ID
9、启动一个做了端口映射的tomcat
docker run -d -p 8888:8080 tomcat
-d : 后台运行
-p : 将主机的端口，映射到容器的端口  主机端口：容器端口
# http://192.168.1.103:8888/ 可以看到tomcat管理画面，如果看到可以进行一下操作
#查看防火墙状态
#service firewalld status
#临时关闭防火墙
#systemctl stop firewalld
#禁止开机启动
#systemctl disable firewalld
#如果启动容器时出现错误，重启docker
# systemctl stop docker
# systemctl start docker
10、查看容器日志
docker logs 容器ID

可以用一个镜像生成多个容器

强制关闭容器
docker kill a088c50cb574

强制删除镜像
docker rmi -f 27600aa3d7f1

#更多命令参照
https://docs.docker.com/engine/reference/commandline/docker/
可以参考每个镜像的文档

mysql 启动
docker run -p 3307:3306 -e MYSQL_ROOT_PASSWORD=123456 -d mysql 
```



## 安装Docker Dompose

```shell
装docker-compose的可执行命令到/usr/local/bin
sudo curl -L "https://github.com/docker/compose/releases/download/1.24.1/docker-compose-$(uname -s)-$(uname -m)" -o /usr/local/bin/docker-compose

增加可执行权限
sudo chmod +x /usr/local/bin/docker-compose

# 查看版本
# docker-compose --version
```



## 安装Gitlab

```shell
虚拟机内存4G，等待5分钟

拉取镜像
docker pull gitlab/gitlab-ce

创建宿主机的数据目录
mkdir -p /mnt/gitlab/etc
mkdir -p /mnt/gitlab/log
mkdir -p /mnt/gitlab/data

执行镜像并且把宿主机的端口与目录映射进容器
docker run \
--detach \
--publish 8443:443 \
--publish 8090:80 \
--name gitlab \
--restart unless-stopped \
-v /mnt/gitlab/etc:/etc/gitlab \
-v /mnt/gitlab/log:/var/log/gitlab \
-v /mnt/gitlab/data:/var/opt/gitlab \
gitlab/gitlab-ce

编辑配置文件，把访问url填进去
/mnt/gitlab/etc/gitlab.rb
external_url 'http://192.168.1.203'

测试直接使用ip登录，要查看清楚自己的ip
ifconfig
192.168.1.203
编辑配置文件，这个是用于显示在git对外的地址
/mnt/gitlab/data/gitlab-rails/etc/gitlab.yml
host: 192.168.1.203
port: 8090
https: false
进入容器，重新设置下配置文件
docker exec -it gitlab /bin/bash
gitlab-ctl reconfigure
gitlab-ctl restart
gitlab-ctl status

访问gitlab，有时候会报502，如果不是端口冲突那就稍等几分钟再访问就好了，直接会让重置修改密码，使用root登录
http://192.168.1.203:8090

Gitlab用户：Administrator 密码：12345678
wh 43654280@qq.com 12345678

生成秘钥
D:\Program Files\Git\usr\bin>ssh-keygen -t rsa -C "43654280@qq.com"
生成秘钥的路径 c:/Users/HP/.ssh
id_rsa
id_rsa.pub 公钥，把内容copy到gitlab中
```

## 安装Nexus

```shell
docker search nexus
docker pull sonatype/nexus3

指定数据卷，防止每次启动容器，容器里的数据丢失，实现容器和虚拟机数据共享。
指定虚拟机与容器共享的文件夹
mkdir /usr/local/docker/nexus/nexus-data
chmod 777 /usr/local/docker/nexus/nexus-data

启动容器
docker run -p 8081:8081 --name nexus -v /usr/local/docker/nexus/nexus-data:/nexus-data 8d5e65ad51ca

```

也可以使用docker-compose docker-compose.yml   ，命令 docker-compose up -d

```yaml
version: '3.5'
services:
  nexus:
    restart: always
    image: sonatype/nexus3:3.23.0
    container_name: nexus
    environment:
      INSTALL4j_ADD_VM_PARAMS: -XX:ActiveProcessorCount=4
      ports:
        8081:8081
      volumes:
        ./data:/nexus-data

```

如果docker-compose 启动后，8081端口没有被监听的话，可以使用docker run启动容器，但启动前需要删除docker-compose创建的容器。docker run启动过程中，没有异常，并正常启动的话，运行netstate -anp | grep 8081命令，如果8081被监听的话，说明启动正常，nexus访问地址：http://192.168.1.205:8081/   登录用户:admin/admin

> 当我们执行netstat命令显示
> `-bash: netstat: command not found`
> 这是由于网络工具没有安装.执行下面命令就可以了.
> yum install net-tools

修改admin密码

```shell
进入容器：docker exec -it 770c6ea0b2a3 /bin/bash

cat admin.password

输入admin/admin.password里的内容，登录之后，自动修改密码，修改密码为admin/admin

```

## 安装Skywalking

```java
agent安装
https://github.com/apache/skywalking/blob/v6.5.0/docs/en/setup/service-agent/java-agent/README.md#table-of-agent-configuration-properties

http://localhost:8080/

skywalking目录
D:\Environment\apache-skywalking-apm-bin
```





## 安装Harbor

harbor进行私有化的镜像部署。git地址[https://github.com/goharbor/harbor]

优点：

1. 本身自代 docker 私有仓库
2. 支持基于角色的权限管理
3. 支持 LDAP

安装步骤

1. 上传到服务器的/usr/local/docker ，并解压

tar -zxvf harbor-offline-installer-v2.0.0.tgz

2. 进入harbor目录，修改配置文件

cd harbor

3. cp harbor.yml.tmpl harbor.yml

4. vi harbor.yml

```yaml
# Configuration file of Harbor

# The IP address or hostname to access admin UI and registry service.
# DO NOT use localhost or 127.0.0.1, because Harbor needs to be accessed by external clients.
hostname: 192.168.1.207   #第5行，修改自己的主机地址或域名

# http related config
http:
  # port for http, default is 80. If https enabled, this port will redirect to https port
  port: 80

# https related config
https:
  # https port for harbor, default is 443
  # port: 443             注释掉
  # The path of cert and key files for nginx
  # certificate: /your/certificate/path   注释掉
  # private_key: /your/private/key/path   注释掉

```

5. 安装harbor

```shell
./install.sh
```

6. 目录下会有docker-compose.yml

运行docker-compose up -d

7. 查看80端口是否被监听，netstat -anp|grep 80

8. 访问地址 http://192.168.1.207:80/ 用户名密码：admin/Harbor12345



## 安装Jenkins

```yaml
version: '3.5'
services:
  jenkins:
    restart: always
    image: jenkins/jenkins:lts
    container_name: jenkins
    environment:
      TZ: Asia/Shanghai
    ports: [80:8080,50000:50000]
    volumes: [data:/var/jenkins_home]
      
volumes:
  data:
```

http://192.168.1.206/80

修改初始密码

```shell
docker exec -it d4893e48de98 /bin/bash

cat /var/jenkins_home/secrets/initialAdminPassword

然后选择插件安装

Publish Over SSH 选中，进行插件安装，如果有失败的话，不用重试，点击继续

创建管理员用户，root/123456

Jenkins URL:不用修改

保存并使用

```
